Testing WCSLIB subimage extraction routine (twcssub.c)
------------------------------------------------------

Initial contents of wcsprm struct:
       flag: 137
      naxis: 4
      crpix: 0x<address>
               1025         64           512          513       
         pc: 0x<address>
    pc[0][]:   1.1          0            0            0         
    pc[1][]:   0            1            0            0         
    pc[2][]:   0            0            1            0.1       
    pc[3][]:   0            0            0.2          1         
      cdelt: 0x<address>
              -9.2e-06      10           1           -1         
      crval: 0x<address>
               0.21498     -2000        -30           150       
      cunit: 0x<address>
             "m"
             "s"
             "deg"
             "deg"
      ctype: 0x<address>
             "WAVE-F2W"
             "TIME"
             "XLAT-SZP"
             "XLON-SZP"
    lonpole: 150.000000
    latpole: -30.000000
    restfrq: 1420405750.000000
    restwav: 0.000000
        npv: 4
     npvmax: 64
         pv: 0x<address>
               1   1  -1         
               3   1   2         
               3   2   210       
               3   3   60        
        nps: 1
     npsmax: 8
         ps: 0x<address>
               2   1  UTC
         cd: 0x<address>
    cd[0][]:   0            0            0            0         
    cd[1][]:   0            0            0            0         
    cd[2][]:   0            0            0            0         
    cd[3][]:   0            0            0            0         
      crota: 0x<address>
               0            0            0            0         
     altlin: 0
     velref: 0
        alt: ' '
     colnum: 0
      colax: 0x<address>
                 0      0      0      0
    wcsname: UNDEFINED
      cname: 0x<address>
             "Wavelength"
             "Time"
             "Latitude"
             "Longitude"
      crder: 0x<address>
             UNDEFINED     UNDEFINED     UNDEFINED     UNDEFINED   
      csyer: 0x<address>
             UNDEFINED     UNDEFINED     UNDEFINED     UNDEFINED   
    radesys: UNDEFINED
    equinox: UNDEFINED
    specsys: UNDEFINED
    ssysobs: UNDEFINED
    velosys: UNDEFINED
    ssyssrc: UNDEFINED
    zsource: UNDEFINED
     obsgeo: UNDEFINED     UNDEFINED     UNDEFINED     
    dateobs: UNDEFINED
    dateavg: UNDEFINED
     mjdobs: UNDEFINED
     mjdavg: UNDEFINED
       ntab: 0
        tab: 0x0
       nwtb: 0
        wtb: 0x0
      types: 0x<address>
            3300    0 2201 2200
     lngtyp: "XLON"
     lattyp: "XLAT"
        lng: 3
        lat: 2
       spec: 0
   cubeface: -1
        err: 0x0
        lin: (see below)
        cel: (see below)
        spc: (see below)
     m_flag: 137
    m_naxis: 4
    m_crpix: 0x<address>  (= crpix)
       m_pc: 0x<address>  (= pc)
    m_cdelt: 0x<address>  (= cdelt)
    m_crval: 0x<address>  (= crval)
    m_cunit: 0x<address>  (= cunit)
    m_ctype: 0x<address>  (= ctype)
       m_pv: 0x<address>  (= pv)
       m_ps: 0x<address>  (= ps)
       m_cd: 0x<address>  (= cd)
    m_crota: 0x<address>  (= crota)

    m_colax: 0x<address>  (= colax)
    m_cname: 0x<address>  (= cname)
    m_crder: 0x<address>  (= crder)
    m_csyer: 0x<address>  (= csyer)
      m_tab: 0x0  (= tab)
      m_wtb: 0x0  (= wtb)

   lin.*
       flag: 137
      naxis: 4
      crpix: 0x<address>
               1025         64           512          513       
         pc: 0x<address>
    pc[0][]:   1.1          0            0            0         
    pc[1][]:   0            1            0            0         
    pc[2][]:   0            0            1            0.1       
    pc[3][]:   0            0            0.2          1         
      cdelt: 0x<address>
              -9.2e-06      10           1           -1         
      unity: 0
        err: 0x0
piximg[0][]:  -1.012e-05   -0           -0           -0         
piximg[1][]:   0            10           0            0         
piximg[2][]:   0            0            1            0.1       
piximg[3][]:  -0           -0           -0.2         -1         
imgpix[0][]:  -98814       -0           -0           -0         
imgpix[1][]:   0            0.1          0            0         
imgpix[2][]:   0            0            1.0204       0.10204   
imgpix[3][]:  -0           -0           -0.20408     -1.0204    
     m_flag: 0
    m_naxis: 0
    m_crpix: 0x0
       m_pc: 0x0
    m_cdelt: 0x0

   cel.*
      flag: 137
     offset: 0
       phi0:  0.000000
     theta0: 90.000000
       ref:   150         -30           150         -30        
       prj: (see below)
     euler:   150          120          150         -0.5          0.86603   
    latpreq: 0 (not required)
     isolat: 0
        err: 0x0

   prj.*
       flag: 102
       code: "SZP"
         r0: 57.295780
         pv: (0)
              2            210          60        
       phi0:  0.000000
     theta0: 90.000000
     bounds: 1

       name: "slant zenithal perspective"
   category: 1 (zenithal)
    pvrange: 103
  simplezen: 0
  equiareal: 0
  conformal: 0
     global: 0
  divergent: 0
         x0: 0.000000
         y0: 0.000000
        err: 0x0
        w[]:   0.017453     0.5         -0.86603      2.7321       28.648    
              -49.62        156.53       3.7321      -90           0         
          m: 0
          n: 0
     prjx2s: 0x<address>
     prjs2x: 0x<address>

   spc.*
       flag: 110
       type: "WAVE"
       code: "F2W"
      crval:  0.215     
    restfrq: 1420405750.000000
    restwav: 0.000000
         pv: (not used)
          w:   0            1.395e+09   -6.487e+09   (remainder unused)
    isGrism: 0
        err: 0x0
     spxX2P: 0x<address>
     spxP2S: 0x0
     spxS2P: 0x0
     spxP2X: 0x<address>


Extracted contents of wcsprm struct:
       flag: 137
      naxis: 4
      crpix: 0x<address>
               513          512          64           0         
         pc: 0x<address>
    pc[0][]:   1            0.2          0            0         
    pc[1][]:   0.1          1            0            0         
    pc[2][]:   0            0            1            0         
    pc[3][]:   0            0            0            1         
      cdelt: 0x<address>
              -1            1            10           1         
      crval: 0x<address>
               150         -30          -2000         0         
      cunit: 0x<address>
             "deg"
             "deg"
             "s"
             ""
      ctype: 0x<address>
             "XLON-SZP"
             "XLAT-SZP"
             "TIME"
             ""
    lonpole: 150.000000
    latpole: -30.000000
    restfrq: 1420405750.000000
    restwav: 0.000000
        npv: 3
     npvmax: 3
         pv: 0x<address>
               2   1   2         
               2   2   210       
               2   3   60        
        nps: 1
     npsmax: 1
         ps: 0x<address>
               3   1  UTC
         cd: 0x<address>
    cd[0][]:   0            0            0            0         
    cd[1][]:   0            0            0            0         
    cd[2][]:   0            0            0            0         
    cd[3][]:   0            0            0            0         
      crota: 0x<address>
               0            0            0            0         
     altlin: 0
     velref: 0
        alt: ' '
     colnum: 0
      colax: 0x<address>
                 0      0      0      0
    wcsname: UNDEFINED
      cname: 0x<address>
             "Longitude"
             "Latitude"
             "Time"
             UNDEFINED
      crder: 0x<address>
             UNDEFINED     UNDEFINED     UNDEFINED     UNDEFINED   
      csyer: 0x<address>
             UNDEFINED     UNDEFINED     UNDEFINED     UNDEFINED   
    radesys: UNDEFINED
    equinox: UNDEFINED
    specsys: UNDEFINED
    ssysobs: UNDEFINED
    velosys: UNDEFINED
    ssyssrc: UNDEFINED
    zsource: UNDEFINED
     obsgeo: UNDEFINED     UNDEFINED     UNDEFINED     
    dateobs: UNDEFINED
    dateavg: UNDEFINED
     mjdobs: UNDEFINED
     mjdavg: UNDEFINED
       ntab: 0
        tab: 0x0
       nwtb: 0
        wtb: 0x0
      types: 0x<address>
            2200 2201    0    0
     lngtyp: "XLON"
     lattyp: "XLAT"
        lng: 0
        lat: 1
       spec: -1
   cubeface: -1
        err: 0x0
        lin: (see below)
        cel: (see below)
        spc: (see below)
     m_flag: 137
    m_naxis: 4
    m_crpix: 0x<address>  (= crpix)
       m_pc: 0x<address>  (= pc)
    m_cdelt: 0x<address>  (= cdelt)
    m_crval: 0x<address>  (= crval)
    m_cunit: 0x<address>  (= cunit)
    m_ctype: 0x<address>  (= ctype)
       m_pv: 0x<address>  (= pv)
       m_ps: 0x<address>  (= ps)
       m_cd: 0x<address>  (= cd)
    m_crota: 0x<address>  (= crota)

    m_colax: 0x<address>  (= colax)
    m_cname: 0x<address>  (= cname)
    m_crder: 0x<address>  (= crder)
    m_csyer: 0x<address>  (= csyer)
      m_tab: 0x0  (= tab)
      m_wtb: 0x0  (= wtb)

   lin.*
       flag: 137
      naxis: 4
      crpix: 0x<address>
               513          512          64           0         
         pc: 0x<address>
    pc[0][]:   1            0.2          0            0         
    pc[1][]:   0.1          1            0            0         
    pc[2][]:   0            0            1            0         
    pc[3][]:   0            0            0            1         
      cdelt: 0x<address>
              -1            1            10           1         
      unity: 0
        err: 0x0
piximg[0][]:  -1           -0.2         -0           -0         
piximg[1][]:   0.1          1            0            0         
piximg[2][]:   0            0            10           0         
piximg[3][]:   0            0            0            1         
imgpix[0][]:  -1.0204      -0.20408     -0           -0         
imgpix[1][]:   0.10204      1.0204       0            0         
imgpix[2][]:   0            0            0.1          0         
imgpix[3][]:   0            0            0            1         
     m_flag: 0
    m_naxis: 0
    m_crpix: 0x0
       m_pc: 0x0
    m_cdelt: 0x0

   cel.*
      flag: 137
     offset: 0
       phi0:  0.000000
     theta0: 90.000000
       ref:   150         -30           150         -30        
       prj: (see below)
     euler:   150          120          150         -0.5          0.86603   
    latpreq: 0 (not required)
     isolat: 0
        err: 0x0

   prj.*
       flag: 102
       code: "SZP"
         r0: 57.295780
         pv: (0)
              2            210          60        
       phi0:  0.000000
     theta0: 90.000000
     bounds: 1

       name: "slant zenithal perspective"
   category: 1 (zenithal)
    pvrange: 103
  simplezen: 0
  equiareal: 0
  conformal: 0
     global: 0
  divergent: 0
         x0: 0.000000
         y0: 0.000000
        err: 0x0
        w[]:   0.017453     0.5         -0.86603      2.7321       28.648    
              -49.62        156.53       3.7321      -90           0         
          m: 0
          n: 0
     prjx2s: 0x<address>
     prjs2x: 0x<address>

   spc.*
       flag: 0
       type: "    "
       code: "   "
      crval: UNDEFINED
    restfrq: 0.000000
    restwav: 0.000000
         pv: (not used)
          w:   0            0            0           (remainder unused)
    isGrism: 0
        err: 0x0
     spxX2P: 0x0
     spxP2S: 0x0
     spxS2P: 0x0
     spxP2X: 0x0


Received wcssub status 13 as expected for a non-separable subimage
coordinate system.
